-- Tutti: gRPC found -- nvmeservice (daemon NVMe) enabled
-- Tutti: yaml-cpp target: yaml-cpp::yaml-cpp
-- Tutti: Using CUDA 12.8.93
-- Tutti: Target architectures: 90
-- NVMeService enabled (gRPC found)
-- Tutti: added tests/memfs_sample_contract (sample extension)
-- Configured cuda_like_contract_test (profile-agnostic contract test)
-- Tutti: added tests/cuda_like (contract test)
-- Configured tutti_public_api_usage_test (public API usage test)
-- Tutti: added tests/public_api (public API usage test)
-- Configured tutti_spi_consumer_test (SPI usage-requirements consumer test)
-- Tutti: added tests/spi_consumer (SPI usage-requirements test)
-- Tutti: added tests/data_path_contract and tests/storage_runtime_contract
-- Configured tutti_memory_types_contract_test (hardware-free)
-- Tutti: added hardware-free contract tests (status, memory_types, io_types, storage_target_resolver, binding)
-- Tutti: added tests/uapi_contract (hardware-free UAPI contract test)
-- Tutti: added tests/striped_resolver (hardware-free striped resolver contract test)
-- Configured tutti_header_hygiene_test (Phase 3 header-hygiene consumer test)
-- Tutti: added tests/header_hygiene (Phase 3 header-hygiene consumer test)
-- Tutti: added tests/mock_data_path_kit_contract (MockDataPath kit self-contract test)
-- Tutti: added tests/mount_manager_contract (host;mount_manager)
-- Configuring done (0.4s)
-- Generating done (0.1s)
-- Build files have been written to: /home/byh/hisparse_io/build/public-v011
