COMMAND: ["/home/byh/hisparse_io/build/gds_bench", "/mnt/hisparse_io/hisparse_io_byh/bench-20260907-083221.bin", "/home/byh/hisparse_io/results/run-20260907-101847-hisparse/trace.bin", "/home/byh/hisparse_io/results/run-20260907-101847-hisparse/raw-A2.csv"]
GPU=0000:4B:00.0 trace_records=2544 HBM=268435456
check before n_reads=137 PASS
check after n_reads=137 PASS
check before n_reads=274 PASS
check after n_reads=274 PASS
check before n_reads=614 PASS
check after n_reads=614 PASS
check before n_reads=549 PASS
check after n_reads=549 PASS
check before n_reads=1098 PASS
check after n_reads=1098 PASS
check before n_reads=2458 PASS
check after n_reads=2458 PASS
check before n_reads=2195 PASS
check after n_reads=2195 PASS
check before n_reads=4391 PASS
check after n_reads=4391 PASS
check before n_reads=9830 PASS
check after n_reads=9830 PASS
check before n_reads=8782 PASS
check after n_reads=8782 PASS
check before n_reads=17564 PASS
check after n_reads=17564 PASS
check before n_reads=39322 PASS
check after n_reads=39322 PASS
GDS matrix complete; audit direct-path logs before comparison

EXIT: 0
